// Jest Snapshot v1, https://goo.gl/fbAQLP

exports[`App component test Should render App component 1`] = `
<Fragment>
  <h1>
    Hello world!
  </h1>
  <Child />
  <p />
</Fragment>
`;
